// Jest Snapshot v1, https://goo.gl/fbAQLP

exports[`App renders table 1`] = `
<Fragment>
  <Controls
    filterSetting="all"
    setFilterSetting={[Function]}
    setOpenTaskDialog={[Function]}
  />
  <ForwardRef(TableContainer)
    component={
      Object {
        "$$typeof": Symbol(react.forward_ref),
        "propTypes": Object {
          "children": [Function],
          "className": [Function],
          "classes": [Function],
          "component": [Function],
          "elevation": [Function],
          "square": [Function],
          "sx": [Function],
          "variant": [Function],
        },
        "render": [Function],
      }
    }
    sx={
      Object {
        "margin": "0 auto",
        "maxWidth": 700,
      }
    }
  >
    <ForwardRef(Table)
      aria-label="collapsible table"
    >
      <ForwardRef(TableHead)>
        <ForwardRef(TableRow)>
          <ForwardRef(TableCell) />
          <ForwardRef(TableCell) />
          <ForwardRef(TableCell)>
            Edit
          </ForwardRef(TableCell)>
          <ForwardRef(TableCell)>
            Completed
          </ForwardRef(TableCell)>
          <ForwardRef(TableCell)>
            Delete
          </ForwardRef(TableCell)>
        </ForwardRef(TableRow)>
      </ForwardRef(TableHead)>
      <ForwardRef(TableBody)>
        <Row
          key="1"
          onCompleteTask={[Function]}
          onDeleteTask={[Function]}
          onEditTask={[Function]}
          openTaskDialog={false}
          row={
            Object {
              "completed": false,
              "description": "This is task # 1",
              "id": "1",
              "name": "Task 1",
            }
          }
        />
        <Row
          key="2"
          onCompleteTask={[Function]}
          onDeleteTask={[Function]}
          onEditTask={[Function]}
          openTaskDialog={false}
          row={
            Object {
              "completed": false,
              "description": "This is task # 2",
              "id": "2",
              "name": "Task 2",
            }
          }
        />
        <Row
          key="3"
          onCompleteTask={[Function]}
          onDeleteTask={[Function]}
          onEditTask={[Function]}
          openTaskDialog={false}
          row={
            Object {
              "completed": false,
              "description": "This is task # 3",
              "id": "3",
              "name": "Task 3",
            }
          }
        />
      </ForwardRef(TableBody)>
    </ForwardRef(Table)>
  </ForwardRef(TableContainer)>
</Fragment>
`;
